// Jest Snapshot v1, https://goo.gl/fbAQLP

exports[`Weather Main renders the component (snapshot) 1`] = `
<div
  className="card"
>
  <div
    className="card-header"
  >
    <h5
      className="card-title"
    >
      Quinebaug, US
    </h5>
    <h6
      className="card-subtitle text-muted"
    >
      Mon Oct 29 2018
    </h6>
  </div>
  <div
    className="card-body"
  >
    <h1
      className="card-text main-weather d-flex justify-content-around"
    >
      <i
        className="wi wi-day-showers"
      />
       
      53 FÂ°
    </h1>
  </div>
</div>
`;
